sleeping PASS Command accepted: SLEEPING
waking PASS Command accepted: WAKING
idle PASS Command accepted: IDLE
listening PASS Command accepted: LISTENING
thinking PASS Command accepted: THINKING
searching PASS Command accepted: SEARCHING
working PASS Command accepted: WORKING
excited PASS Command accepted: EXCITED
bored PASS Command accepted: BORED
suspicious PASS Command accepted: SUSPICIOUS
angry PASS Command accepted: ANGRY
drowsy PASS Command accepted: DROWSY
happy PASS Command accepted: HAPPY
curious PASS Command accepted: CURIOUS
confused PASS Command accepted: CONFUSED
surprised PASS Command accepted: SURPRISED
proud PASS Command accepted: PROUD
shy PASS Command accepted: SHY
sad PASS Command accepted: SAD
laughing PASS Command accepted: LAUGHING
scared PASS Command accepted: SCARED
playful PASS Command accepted: PLAYFUL
celebrate PASS Command accepted: CELEBRATE
accepted 23 of 23
